<?xml version="1.0" encoding="utf-8"?><testsuites name="pytest tests"><testsuite name="pytest" errors="0" failures="14" skipped="0" tests="14" time="2.180" timestamp="2026-06-03T15:49:14.834919+02:00" hostname="LNV2410P107"><testcase classname="test_adminexpress" name="test_adminexpress" time="0.091"><failure message="McpError('Connection closed') [single exception in ExceptionGroup]">+ Exception Group Traceback (most recent call last):
  |   File "/home/TGerbeau/Documents/workspace-geocontext-test/test_adminexpress.py", line 22, in test_adminexpress
  |     tools = await client.get_tools()
  |             ^^^^^^^^^^^^^^^^^^^^^^^^
  |   File "/home/TGerbeau/Documents/workspace-geocontext-test/.venv/lib/python3.13/site-packages/langchain_mcp_adapters/client.py", line 197, in get_tools
  |     tools_list = await asyncio.gather(*load_mcp_tool_tasks)
  |                  ^^^^^^^^^^^^^^^^^^^^^^^^^^^^^^^^^^^^^^^^^^
  |   File "/home/TGerbeau/Documents/workspace-geocontext-test/.venv/lib/python3.13/site-packages/langchain_mcp_adapters/tools.py", line 478, in load_mcp_tools
  |     async with create_session(
  |                ~~~~~~~~~~~~~~^
  |         connection, mcp_callbacks=mcp_callbacks
  |         ^^^^^^^^^^^^^^^^^^^^^^^^^^^^^^^^^^^^^^^
  |     ) as tool_session:
  |     ^
  |   File "/home/TGerbeau/snap/code/241/.local/share/uv/python/cpython-3.13.13-linux-x86_64-gnu/lib/python3.13/contextlib.py", line 235, in __aexit__
  |     await self.gen.athrow(value)
  |   File "/home/TGerbeau/Documents/workspace-geocontext-test/.venv/lib/python3.13/site-packages/langchain_mcp_adapters/sessions.py", line 457, in create_session
  |     async with _create_stdio_session(**params) as session:
  |                ~~~~~~~~~~~~~~~~~~~~~^^^^^^^^^^
  |   File "/home/TGerbeau/snap/code/241/.local/share/uv/python/cpython-3.13.13-linux-x86_64-gnu/lib/python3.13/contextlib.py", line 235, in __aexit__
  |     await self.gen.athrow(value)
  |   File "/home/TGerbeau/Documents/workspace-geocontext-test/.venv/lib/python3.13/site-packages/langchain_mcp_adapters/sessions.py", line 269, in _create_stdio_session
  |     stdio_client(server_params) as (read, write),
  |     ~~~~~~~~~~~~^^^^^^^^^^^^^^^
  |   File "/home/TGerbeau/snap/code/241/.local/share/uv/python/cpython-3.13.13-linux-x86_64-gnu/lib/python3.13/contextlib.py", line 235, in __aexit__
  |     await self.gen.athrow(value)
  |   File "/home/TGerbeau/Documents/workspace-geocontext-test/.venv/lib/python3.13/site-packages/mcp/client/stdio/__init__.py", line 183, in stdio_client
  |     anyio.create_task_group() as tg,
  |     ~~~~~~~~~~~~~~~~~~~~~~~^^
  |   File "/home/TGerbeau/Documents/workspace-geocontext-test/.venv/lib/python3.13/site-packages/anyio/_backends/_asyncio.py", line 799, in __aexit__
  |     raise BaseExceptionGroup(
  |         "unhandled errors in a TaskGroup", self._exceptions
  |     ) from None
  | ExceptionGroup: unhandled errors in a TaskGroup (1 sub-exception)
  +-+---------------- 1 ----------------
    | Exception Group Traceback (most recent call last):
    |   File "/home/TGerbeau/Documents/workspace-geocontext-test/.venv/lib/python3.13/site-packages/mcp/client/stdio/__init__.py", line 189, in stdio_client
    |     yield read_stream, write_stream
    |   File "/home/TGerbeau/Documents/workspace-geocontext-test/.venv/lib/python3.13/site-packages/langchain_mcp_adapters/sessions.py", line 270, in _create_stdio_session
    |     ClientSession(read, write, **(session_kwargs or {})) as session,
    |     ~~~~~~~~~~~~~^^^^^^^^^^^^^^^^^^^^^^^^^^^^^^^^^^^^^^^
    |   File "/home/TGerbeau/Documents/workspace-geocontext-test/.venv/lib/python3.13/site-packages/mcp/shared/session.py", line 238, in __aexit__
    |     return await self._task_group.__aexit__(exc_type, exc_val, exc_tb)
    |            ^^^^^^^^^^^^^^^^^^^^^^^^^^^^^^^^^^^^^^^^^^^^^^^^^^^^^^^^^^^
    |   File "/home/TGerbeau/Documents/workspace-geocontext-test/.venv/lib/python3.13/site-packages/anyio/_backends/_asyncio.py", line 799, in __aexit__
    |     raise BaseExceptionGroup(
    |         "unhandled errors in a TaskGroup", self._exceptions
    |     ) from None
    | ExceptionGroup: unhandled errors in a TaskGroup (1 sub-exception)
    +-+---------------- 1 ----------------
      | Traceback (most recent call last):
      |   File "/home/TGerbeau/Documents/workspace-geocontext-test/.venv/lib/python3.13/site-packages/langchain_mcp_adapters/sessions.py", line 272, in _create_stdio_session
      |     yield session
      |   File "/home/TGerbeau/Documents/workspace-geocontext-test/.venv/lib/python3.13/site-packages/langchain_mcp_adapters/sessions.py", line 458, in create_session
      |     yield session
      |   File "/home/TGerbeau/Documents/workspace-geocontext-test/.venv/lib/python3.13/site-packages/langchain_mcp_adapters/tools.py", line 481, in load_mcp_tools
      |     await tool_session.initialize()
      |   File "/home/TGerbeau/Documents/workspace-geocontext-test/.venv/lib/python3.13/site-packages/mcp/client/session.py", line 171, in initialize
      |     result = await self.send_request(
      |              ^^^^^^^^^^^^^^^^^^^^^^^^
      |     ...&lt;16 lines&gt;...
      |     )
      |     ^
      |   File "/home/TGerbeau/Documents/workspace-geocontext-test/.venv/lib/python3.13/site-packages/mcp/shared/session.py", line 306, in send_request
      |     raise McpError(response_or_error.error)
      | mcp.shared.exceptions.McpError: Connection closed
      +------------------------------------</failure></testcase><testcase classname="test_cadastre" name="test_cadastre" time="0.018"><failure message="McpError('Connection closed') [single exception in ExceptionGroup]">+ Exception Group Traceback (most recent call last):
  |   File "/home/TGerbeau/Documents/workspace-geocontext-test/test_cadastre.py", line 22, in test_cadastre
  |     tools = await client.get_tools()
  |             ^^^^^^^^^^^^^^^^^^^^^^^^
  |   File "/home/TGerbeau/Documents/workspace-geocontext-test/.venv/lib/python3.13/site-packages/langchain_mcp_adapters/client.py", line 197, in get_tools
  |     tools_list = await asyncio.gather(*load_mcp_tool_tasks)
  |                  ^^^^^^^^^^^^^^^^^^^^^^^^^^^^^^^^^^^^^^^^^^
  |   File "/home/TGerbeau/Documents/workspace-geocontext-test/.venv/lib/python3.13/site-packages/langchain_mcp_adapters/tools.py", line 478, in load_mcp_tools
  |     async with create_session(
  |                ~~~~~~~~~~~~~~^
  |         connection, mcp_callbacks=mcp_callbacks
  |         ^^^^^^^^^^^^^^^^^^^^^^^^^^^^^^^^^^^^^^^
  |     ) as tool_session:
  |     ^
  |   File "/home/TGerbeau/snap/code/241/.local/share/uv/python/cpython-3.13.13-linux-x86_64-gnu/lib/python3.13/contextlib.py", line 235, in __aexit__
  |     await self.gen.athrow(value)
  |   File "/home/TGerbeau/Documents/workspace-geocontext-test/.venv/lib/python3.13/site-packages/langchain_mcp_adapters/sessions.py", line 457, in create_session
  |     async with _create_stdio_session(**params) as session:
  |                ~~~~~~~~~~~~~~~~~~~~~^^^^^^^^^^
  |   File "/home/TGerbeau/snap/code/241/.local/share/uv/python/cpython-3.13.13-linux-x86_64-gnu/lib/python3.13/contextlib.py", line 235, in __aexit__
  |     await self.gen.athrow(value)
  |   File "/home/TGerbeau/Documents/workspace-geocontext-test/.venv/lib/python3.13/site-packages/langchain_mcp_adapters/sessions.py", line 269, in _create_stdio_session
  |     stdio_client(server_params) as (read, write),
  |     ~~~~~~~~~~~~^^^^^^^^^^^^^^^
  |   File "/home/TGerbeau/snap/code/241/.local/share/uv/python/cpython-3.13.13-linux-x86_64-gnu/lib/python3.13/contextlib.py", line 235, in __aexit__
  |     await self.gen.athrow(value)
  |   File "/home/TGerbeau/Documents/workspace-geocontext-test/.venv/lib/python3.13/site-packages/mcp/client/stdio/__init__.py", line 183, in stdio_client
  |     anyio.create_task_group() as tg,
  |     ~~~~~~~~~~~~~~~~~~~~~~~^^
  |   File "/home/TGerbeau/Documents/workspace-geocontext-test/.venv/lib/python3.13/site-packages/anyio/_backends/_asyncio.py", line 799, in __aexit__
  |     raise BaseExceptionGroup(
  |         "unhandled errors in a TaskGroup", self._exceptions
  |     ) from None
  | ExceptionGroup: unhandled errors in a TaskGroup (1 sub-exception)
  +-+---------------- 1 ----------------
    | Exception Group Traceback (most recent call last):
    |   File "/home/TGerbeau/Documents/workspace-geocontext-test/.venv/lib/python3.13/site-packages/mcp/client/stdio/__init__.py", line 189, in stdio_client
    |     yield read_stream, write_stream
    |   File "/home/TGerbeau/Documents/workspace-geocontext-test/.venv/lib/python3.13/site-packages/langchain_mcp_adapters/sessions.py", line 270, in _create_stdio_session
    |     ClientSession(read, write, **(session_kwargs or {})) as session,
    |     ~~~~~~~~~~~~~^^^^^^^^^^^^^^^^^^^^^^^^^^^^^^^^^^^^^^^
    |   File "/home/TGerbeau/Documents/workspace-geocontext-test/.venv/lib/python3.13/site-packages/mcp/shared/session.py", line 238, in __aexit__
    |     return await self._task_group.__aexit__(exc_type, exc_val, exc_tb)
    |            ^^^^^^^^^^^^^^^^^^^^^^^^^^^^^^^^^^^^^^^^^^^^^^^^^^^^^^^^^^^
    |   File "/home/TGerbeau/Documents/workspace-geocontext-test/.venv/lib/python3.13/site-packages/anyio/_backends/_asyncio.py", line 799, in __aexit__
    |     raise BaseExceptionGroup(
    |         "unhandled errors in a TaskGroup", self._exceptions
    |     ) from None
    | ExceptionGroup: unhandled errors in a TaskGroup (1 sub-exception)
    +-+---------------- 1 ----------------
      | Traceback (most recent call last):
      |   File "/home/TGerbeau/Documents/workspace-geocontext-test/.venv/lib/python3.13/site-packages/langchain_mcp_adapters/sessions.py", line 272, in _create_stdio_session
      |     yield session
      |   File "/home/TGerbeau/Documents/workspace-geocontext-test/.venv/lib/python3.13/site-packages/langchain_mcp_adapters/sessions.py", line 458, in create_session
      |     yield session
      |   File "/home/TGerbeau/Documents/workspace-geocontext-test/.venv/lib/python3.13/site-packages/langchain_mcp_adapters/tools.py", line 481, in load_mcp_tools
      |     await tool_session.initialize()
      |   File "/home/TGerbeau/Documents/workspace-geocontext-test/.venv/lib/python3.13/site-packages/mcp/client/session.py", line 171, in initialize
      |     result = await self.send_request(
      |              ^^^^^^^^^^^^^^^^^^^^^^^^
      |     ...&lt;16 lines&gt;...
      |     )
      |     ^
      |   File "/home/TGerbeau/Documents/workspace-geocontext-test/.venv/lib/python3.13/site-packages/mcp/shared/session.py", line 306, in send_request
      |     raise McpError(response_or_error.error)
      | mcp.shared.exceptions.McpError: Connection closed
      +------------------------------------</failure></testcase><testcase classname="test_chaining_cadastre_urbanisme" name="test_chaining_geocode_cadastre_urbanisme" time="0.017"><failure message="McpError('Connection closed') [single exception in ExceptionGroup]">+ Exception Group Traceback (most recent call last):
  |   File "/home/TGerbeau/Documents/workspace-geocontext-test/test_chaining_cadastre_urbanisme.py", line 27, in test_chaining_geocode_cadastre_urbanisme
  |     tools = await client.get_tools()
  |             ^^^^^^^^^^^^^^^^^^^^^^^^
  |   File "/home/TGerbeau/Documents/workspace-geocontext-test/.venv/lib/python3.13/site-packages/langchain_mcp_adapters/client.py", line 197, in get_tools
  |     tools_list = await asyncio.gather(*load_mcp_tool_tasks)
  |                  ^^^^^^^^^^^^^^^^^^^^^^^^^^^^^^^^^^^^^^^^^^
  |   File "/home/TGerbeau/Documents/workspace-geocontext-test/.venv/lib/python3.13/site-packages/langchain_mcp_adapters/tools.py", line 478, in load_mcp_tools
  |     async with create_session(
  |                ~~~~~~~~~~~~~~^
  |         connection, mcp_callbacks=mcp_callbacks
  |         ^^^^^^^^^^^^^^^^^^^^^^^^^^^^^^^^^^^^^^^
  |     ) as tool_session:
  |     ^
  |   File "/home/TGerbeau/snap/code/241/.local/share/uv/python/cpython-3.13.13-linux-x86_64-gnu/lib/python3.13/contextlib.py", line 235, in __aexit__
  |     await self.gen.athrow(value)
  |   File "/home/TGerbeau/Documents/workspace-geocontext-test/.venv/lib/python3.13/site-packages/langchain_mcp_adapters/sessions.py", line 457, in create_session
  |     async with _create_stdio_session(**params) as session:
  |                ~~~~~~~~~~~~~~~~~~~~~^^^^^^^^^^
  |   File "/home/TGerbeau/snap/code/241/.local/share/uv/python/cpython-3.13.13-linux-x86_64-gnu/lib/python3.13/contextlib.py", line 235, in __aexit__
  |     await self.gen.athrow(value)
  |   File "/home/TGerbeau/Documents/workspace-geocontext-test/.venv/lib/python3.13/site-packages/langchain_mcp_adapters/sessions.py", line 269, in _create_stdio_session
  |     stdio_client(server_params) as (read, write),
  |     ~~~~~~~~~~~~^^^^^^^^^^^^^^^
  |   File "/home/TGerbeau/snap/code/241/.local/share/uv/python/cpython-3.13.13-linux-x86_64-gnu/lib/python3.13/contextlib.py", line 235, in __aexit__
  |     await self.gen.athrow(value)
  |   File "/home/TGerbeau/Documents/workspace-geocontext-test/.venv/lib/python3.13/site-packages/mcp/client/stdio/__init__.py", line 183, in stdio_client
  |     anyio.create_task_group() as tg,
  |     ~~~~~~~~~~~~~~~~~~~~~~~^^
  |   File "/home/TGerbeau/Documents/workspace-geocontext-test/.venv/lib/python3.13/site-packages/anyio/_backends/_asyncio.py", line 799, in __aexit__
  |     raise BaseExceptionGroup(
  |         "unhandled errors in a TaskGroup", self._exceptions
  |     ) from None
  | ExceptionGroup: unhandled errors in a TaskGroup (1 sub-exception)
  +-+---------------- 1 ----------------
    | Exception Group Traceback (most recent call last):
    |   File "/home/TGerbeau/Documents/workspace-geocontext-test/.venv/lib/python3.13/site-packages/mcp/client/stdio/__init__.py", line 189, in stdio_client
    |     yield read_stream, write_stream
    |   File "/home/TGerbeau/Documents/workspace-geocontext-test/.venv/lib/python3.13/site-packages/langchain_mcp_adapters/sessions.py", line 270, in _create_stdio_session
    |     ClientSession(read, write, **(session_kwargs or {})) as session,
    |     ~~~~~~~~~~~~~^^^^^^^^^^^^^^^^^^^^^^^^^^^^^^^^^^^^^^^
    |   File "/home/TGerbeau/Documents/workspace-geocontext-test/.venv/lib/python3.13/site-packages/mcp/shared/session.py", line 238, in __aexit__
    |     return await self._task_group.__aexit__(exc_type, exc_val, exc_tb)
    |            ^^^^^^^^^^^^^^^^^^^^^^^^^^^^^^^^^^^^^^^^^^^^^^^^^^^^^^^^^^^
    |   File "/home/TGerbeau/Documents/workspace-geocontext-test/.venv/lib/python3.13/site-packages/anyio/_backends/_asyncio.py", line 799, in __aexit__
    |     raise BaseExceptionGroup(
    |         "unhandled errors in a TaskGroup", self._exceptions
    |     ) from None
    | ExceptionGroup: unhandled errors in a TaskGroup (1 sub-exception)
    +-+---------------- 1 ----------------
      | Traceback (most recent call last):
      |   File "/home/TGerbeau/Documents/workspace-geocontext-test/.venv/lib/python3.13/site-packages/langchain_mcp_adapters/sessions.py", line 272, in _create_stdio_session
      |     yield session
      |   File "/home/TGerbeau/Documents/workspace-geocontext-test/.venv/lib/python3.13/site-packages/langchain_mcp_adapters/sessions.py", line 458, in create_session
      |     yield session
      |   File "/home/TGerbeau/Documents/workspace-geocontext-test/.venv/lib/python3.13/site-packages/langchain_mcp_adapters/tools.py", line 481, in load_mcp_tools
      |     await tool_session.initialize()
      |   File "/home/TGerbeau/Documents/workspace-geocontext-test/.venv/lib/python3.13/site-packages/mcp/client/session.py", line 171, in initialize
      |     result = await self.send_request(
      |              ^^^^^^^^^^^^^^^^^^^^^^^^
      |     ...&lt;16 lines&gt;...
      |     )
      |     ^
      |   File "/home/TGerbeau/Documents/workspace-geocontext-test/.venv/lib/python3.13/site-packages/mcp/shared/session.py", line 306, in send_request
      |     raise McpError(response_or_error.error)
      | mcp.shared.exceptions.McpError: Connection closed
      +------------------------------------</failure></testcase><testcase classname="test_chaining_discovery" name="test_chaining_discovery" time="0.016"><failure message="McpError('Connection closed') [single exception in ExceptionGroup]">+ Exception Group Traceback (most recent call last):
  |   File "/home/TGerbeau/Documents/workspace-geocontext-test/test_chaining_discovery.py", line 29, in test_chaining_discovery
  |     tools = await client.get_tools()
  |             ^^^^^^^^^^^^^^^^^^^^^^^^
  |   File "/home/TGerbeau/Documents/workspace-geocontext-test/.venv/lib/python3.13/site-packages/langchain_mcp_adapters/client.py", line 197, in get_tools
  |     tools_list = await asyncio.gather(*load_mcp_tool_tasks)
  |                  ^^^^^^^^^^^^^^^^^^^^^^^^^^^^^^^^^^^^^^^^^^
  |   File "/home/TGerbeau/Documents/workspace-geocontext-test/.venv/lib/python3.13/site-packages/langchain_mcp_adapters/tools.py", line 478, in load_mcp_tools
  |     async with create_session(
  |                ~~~~~~~~~~~~~~^
  |         connection, mcp_callbacks=mcp_callbacks
  |         ^^^^^^^^^^^^^^^^^^^^^^^^^^^^^^^^^^^^^^^
  |     ) as tool_session:
  |     ^
  |   File "/home/TGerbeau/snap/code/241/.local/share/uv/python/cpython-3.13.13-linux-x86_64-gnu/lib/python3.13/contextlib.py", line 235, in __aexit__
  |     await self.gen.athrow(value)
  |   File "/home/TGerbeau/Documents/workspace-geocontext-test/.venv/lib/python3.13/site-packages/langchain_mcp_adapters/sessions.py", line 457, in create_session
  |     async with _create_stdio_session(**params) as session:
  |                ~~~~~~~~~~~~~~~~~~~~~^^^^^^^^^^
  |   File "/home/TGerbeau/snap/code/241/.local/share/uv/python/cpython-3.13.13-linux-x86_64-gnu/lib/python3.13/contextlib.py", line 235, in __aexit__
  |     await self.gen.athrow(value)
  |   File "/home/TGerbeau/Documents/workspace-geocontext-test/.venv/lib/python3.13/site-packages/langchain_mcp_adapters/sessions.py", line 269, in _create_stdio_session
  |     stdio_client(server_params) as (read, write),
  |     ~~~~~~~~~~~~^^^^^^^^^^^^^^^
  |   File "/home/TGerbeau/snap/code/241/.local/share/uv/python/cpython-3.13.13-linux-x86_64-gnu/lib/python3.13/contextlib.py", line 235, in __aexit__
  |     await self.gen.athrow(value)
  |   File "/home/TGerbeau/Documents/workspace-geocontext-test/.venv/lib/python3.13/site-packages/mcp/client/stdio/__init__.py", line 183, in stdio_client
  |     anyio.create_task_group() as tg,
  |     ~~~~~~~~~~~~~~~~~~~~~~~^^
  |   File "/home/TGerbeau/Documents/workspace-geocontext-test/.venv/lib/python3.13/site-packages/anyio/_backends/_asyncio.py", line 799, in __aexit__
  |     raise BaseExceptionGroup(
  |         "unhandled errors in a TaskGroup", self._exceptions
  |     ) from None
  | ExceptionGroup: unhandled errors in a TaskGroup (1 sub-exception)
  +-+---------------- 1 ----------------
    | Exception Group Traceback (most recent call last):
    |   File "/home/TGerbeau/Documents/workspace-geocontext-test/.venv/lib/python3.13/site-packages/mcp/client/stdio/__init__.py", line 189, in stdio_client
    |     yield read_stream, write_stream
    |   File "/home/TGerbeau/Documents/workspace-geocontext-test/.venv/lib/python3.13/site-packages/langchain_mcp_adapters/sessions.py", line 270, in _create_stdio_session
    |     ClientSession(read, write, **(session_kwargs or {})) as session,
    |     ~~~~~~~~~~~~~^^^^^^^^^^^^^^^^^^^^^^^^^^^^^^^^^^^^^^^
    |   File "/home/TGerbeau/Documents/workspace-geocontext-test/.venv/lib/python3.13/site-packages/mcp/shared/session.py", line 238, in __aexit__
    |     return await self._task_group.__aexit__(exc_type, exc_val, exc_tb)
    |            ^^^^^^^^^^^^^^^^^^^^^^^^^^^^^^^^^^^^^^^^^^^^^^^^^^^^^^^^^^^
    |   File "/home/TGerbeau/Documents/workspace-geocontext-test/.venv/lib/python3.13/site-packages/anyio/_backends/_asyncio.py", line 799, in __aexit__
    |     raise BaseExceptionGroup(
    |         "unhandled errors in a TaskGroup", self._exceptions
    |     ) from None
    | ExceptionGroup: unhandled errors in a TaskGroup (1 sub-exception)
    +-+---------------- 1 ----------------
      | Traceback (most recent call last):
      |   File "/home/TGerbeau/Documents/workspace-geocontext-test/.venv/lib/python3.13/site-packages/langchain_mcp_adapters/sessions.py", line 272, in _create_stdio_session
      |     yield session
      |   File "/home/TGerbeau/Documents/workspace-geocontext-test/.venv/lib/python3.13/site-packages/langchain_mcp_adapters/sessions.py", line 458, in create_session
      |     yield session
      |   File "/home/TGerbeau/Documents/workspace-geocontext-test/.venv/lib/python3.13/site-packages/langchain_mcp_adapters/tools.py", line 481, in load_mcp_tools
      |     await tool_session.initialize()
      |   File "/home/TGerbeau/Documents/workspace-geocontext-test/.venv/lib/python3.13/site-packages/mcp/client/session.py", line 171, in initialize
      |     result = await self.send_request(
      |              ^^^^^^^^^^^^^^^^^^^^^^^^
      |     ...&lt;16 lines&gt;...
      |     )
      |     ^
      |   File "/home/TGerbeau/Documents/workspace-geocontext-test/.venv/lib/python3.13/site-packages/mcp/shared/session.py", line 306, in send_request
      |     raise McpError(response_or_error.error)
      | mcp.shared.exceptions.McpError: Connection closed
      +------------------------------------</failure></testcase><testcase classname="test_chaining_geocode" name="test_chaining_geocode_altitude" time="0.024"><failure message="McpError('Connection closed') [single exception in ExceptionGroup]">+ Exception Group Traceback (most recent call last):
  |   File "/home/TGerbeau/Documents/workspace-geocontext-test/test_chaining_geocode.py", line 36, in test_chaining_geocode_altitude
  |     tools = await client.get_tools()
  |             ^^^^^^^^^^^^^^^^^^^^^^^^
  |   File "/home/TGerbeau/Documents/workspace-geocontext-test/.venv/lib/python3.13/site-packages/langchain_mcp_adapters/client.py", line 197, in get_tools
  |     tools_list = await asyncio.gather(*load_mcp_tool_tasks)
  |                  ^^^^^^^^^^^^^^^^^^^^^^^^^^^^^^^^^^^^^^^^^^
  |   File "/home/TGerbeau/Documents/workspace-geocontext-test/.venv/lib/python3.13/site-packages/langchain_mcp_adapters/tools.py", line 478, in load_mcp_tools
  |     async with create_session(
  |                ~~~~~~~~~~~~~~^
  |         connection, mcp_callbacks=mcp_callbacks
  |         ^^^^^^^^^^^^^^^^^^^^^^^^^^^^^^^^^^^^^^^
  |     ) as tool_session:
  |     ^
  |   File "/home/TGerbeau/snap/code/241/.local/share/uv/python/cpython-3.13.13-linux-x86_64-gnu/lib/python3.13/contextlib.py", line 235, in __aexit__
  |     await self.gen.athrow(value)
  |   File "/home/TGerbeau/Documents/workspace-geocontext-test/.venv/lib/python3.13/site-packages/langchain_mcp_adapters/sessions.py", line 457, in create_session
  |     async with _create_stdio_session(**params) as session:
  |                ~~~~~~~~~~~~~~~~~~~~~^^^^^^^^^^
  |   File "/home/TGerbeau/snap/code/241/.local/share/uv/python/cpython-3.13.13-linux-x86_64-gnu/lib/python3.13/contextlib.py", line 235, in __aexit__
  |     await self.gen.athrow(value)
  |   File "/home/TGerbeau/Documents/workspace-geocontext-test/.venv/lib/python3.13/site-packages/langchain_mcp_adapters/sessions.py", line 269, in _create_stdio_session
  |     stdio_client(server_params) as (read, write),
  |     ~~~~~~~~~~~~^^^^^^^^^^^^^^^
  |   File "/home/TGerbeau/snap/code/241/.local/share/uv/python/cpython-3.13.13-linux-x86_64-gnu/lib/python3.13/contextlib.py", line 235, in __aexit__
  |     await self.gen.athrow(value)
  |   File "/home/TGerbeau/Documents/workspace-geocontext-test/.venv/lib/python3.13/site-packages/mcp/client/stdio/__init__.py", line 183, in stdio_client
  |     anyio.create_task_group() as tg,
  |     ~~~~~~~~~~~~~~~~~~~~~~~^^
  |   File "/home/TGerbeau/Documents/workspace-geocontext-test/.venv/lib/python3.13/site-packages/anyio/_backends/_asyncio.py", line 799, in __aexit__
  |     raise BaseExceptionGroup(
  |         "unhandled errors in a TaskGroup", self._exceptions
  |     ) from None
  | ExceptionGroup: unhandled errors in a TaskGroup (1 sub-exception)
  +-+---------------- 1 ----------------
    | Exception Group Traceback (most recent call last):
    |   File "/home/TGerbeau/Documents/workspace-geocontext-test/.venv/lib/python3.13/site-packages/mcp/client/stdio/__init__.py", line 189, in stdio_client
    |     yield read_stream, write_stream
    |   File "/home/TGerbeau/Documents/workspace-geocontext-test/.venv/lib/python3.13/site-packages/langchain_mcp_adapters/sessions.py", line 270, in _create_stdio_session
    |     ClientSession(read, write, **(session_kwargs or {})) as session,
    |     ~~~~~~~~~~~~~^^^^^^^^^^^^^^^^^^^^^^^^^^^^^^^^^^^^^^^
    |   File "/home/TGerbeau/Documents/workspace-geocontext-test/.venv/lib/python3.13/site-packages/mcp/shared/session.py", line 238, in __aexit__
    |     return await self._task_group.__aexit__(exc_type, exc_val, exc_tb)
    |            ^^^^^^^^^^^^^^^^^^^^^^^^^^^^^^^^^^^^^^^^^^^^^^^^^^^^^^^^^^^
    |   File "/home/TGerbeau/Documents/workspace-geocontext-test/.venv/lib/python3.13/site-packages/anyio/_backends/_asyncio.py", line 799, in __aexit__
    |     raise BaseExceptionGroup(
    |         "unhandled errors in a TaskGroup", self._exceptions
    |     ) from None
    | ExceptionGroup: unhandled errors in a TaskGroup (1 sub-exception)
    +-+---------------- 1 ----------------
      | Traceback (most recent call last):
      |   File "/home/TGerbeau/Documents/workspace-geocontext-test/.venv/lib/python3.13/site-packages/langchain_mcp_adapters/sessions.py", line 272, in _create_stdio_session
      |     yield session
      |   File "/home/TGerbeau/Documents/workspace-geocontext-test/.venv/lib/python3.13/site-packages/langchain_mcp_adapters/sessions.py", line 458, in create_session
      |     yield session
      |   File "/home/TGerbeau/Documents/workspace-geocontext-test/.venv/lib/python3.13/site-packages/langchain_mcp_adapters/tools.py", line 481, in load_mcp_tools
      |     await tool_session.initialize()
      |   File "/home/TGerbeau/Documents/workspace-geocontext-test/.venv/lib/python3.13/site-packages/mcp/client/session.py", line 171, in initialize
      |     result = await self.send_request(
      |              ^^^^^^^^^^^^^^^^^^^^^^^^
      |     ...&lt;16 lines&gt;...
      |     )
      |     ^
      |   File "/home/TGerbeau/Documents/workspace-geocontext-test/.venv/lib/python3.13/site-packages/mcp/shared/session.py", line 306, in send_request
      |     raise McpError(response_or_error.error)
      | mcp.shared.exceptions.McpError: Connection closed
      +------------------------------------</failure></testcase><testcase classname="test_chaining_geocode_adminexpress" name="test_chaining_geocode_adminexpress" time="0.017"><failure message="McpError('Connection closed') [single exception in ExceptionGroup]">+ Exception Group Traceback (most recent call last):
  |   File "/home/TGerbeau/Documents/workspace-geocontext-test/test_chaining_geocode_adminexpress.py", line 27, in test_chaining_geocode_adminexpress
  |     tools = await client.get_tools()
  |             ^^^^^^^^^^^^^^^^^^^^^^^^
  |   File "/home/TGerbeau/Documents/workspace-geocontext-test/.venv/lib/python3.13/site-packages/langchain_mcp_adapters/client.py", line 197, in get_tools
  |     tools_list = await asyncio.gather(*load_mcp_tool_tasks)
  |                  ^^^^^^^^^^^^^^^^^^^^^^^^^^^^^^^^^^^^^^^^^^
  |   File "/home/TGerbeau/Documents/workspace-geocontext-test/.venv/lib/python3.13/site-packages/langchain_mcp_adapters/tools.py", line 478, in load_mcp_tools
  |     async with create_session(
  |                ~~~~~~~~~~~~~~^
  |         connection, mcp_callbacks=mcp_callbacks
  |         ^^^^^^^^^^^^^^^^^^^^^^^^^^^^^^^^^^^^^^^
  |     ) as tool_session:
  |     ^
  |   File "/home/TGerbeau/snap/code/241/.local/share/uv/python/cpython-3.13.13-linux-x86_64-gnu/lib/python3.13/contextlib.py", line 235, in __aexit__
  |     await self.gen.athrow(value)
  |   File "/home/TGerbeau/Documents/workspace-geocontext-test/.venv/lib/python3.13/site-packages/langchain_mcp_adapters/sessions.py", line 457, in create_session
  |     async with _create_stdio_session(**params) as session:
  |                ~~~~~~~~~~~~~~~~~~~~~^^^^^^^^^^
  |   File "/home/TGerbeau/snap/code/241/.local/share/uv/python/cpython-3.13.13-linux-x86_64-gnu/lib/python3.13/contextlib.py", line 235, in __aexit__
  |     await self.gen.athrow(value)
  |   File "/home/TGerbeau/Documents/workspace-geocontext-test/.venv/lib/python3.13/site-packages/langchain_mcp_adapters/sessions.py", line 269, in _create_stdio_session
  |     stdio_client(server_params) as (read, write),
  |     ~~~~~~~~~~~~^^^^^^^^^^^^^^^
  |   File "/home/TGerbeau/snap/code/241/.local/share/uv/python/cpython-3.13.13-linux-x86_64-gnu/lib/python3.13/contextlib.py", line 235, in __aexit__
  |     await self.gen.athrow(value)
  |   File "/home/TGerbeau/Documents/workspace-geocontext-test/.venv/lib/python3.13/site-packages/mcp/client/stdio/__init__.py", line 183, in stdio_client
  |     anyio.create_task_group() as tg,
  |     ~~~~~~~~~~~~~~~~~~~~~~~^^
  |   File "/home/TGerbeau/Documents/workspace-geocontext-test/.venv/lib/python3.13/site-packages/anyio/_backends/_asyncio.py", line 799, in __aexit__
  |     raise BaseExceptionGroup(
  |         "unhandled errors in a TaskGroup", self._exceptions
  |     ) from None
  | ExceptionGroup: unhandled errors in a TaskGroup (1 sub-exception)
  +-+---------------- 1 ----------------
    | Exception Group Traceback (most recent call last):
    |   File "/home/TGerbeau/Documents/workspace-geocontext-test/.venv/lib/python3.13/site-packages/mcp/client/stdio/__init__.py", line 189, in stdio_client
    |     yield read_stream, write_stream
    |   File "/home/TGerbeau/Documents/workspace-geocontext-test/.venv/lib/python3.13/site-packages/langchain_mcp_adapters/sessions.py", line 270, in _create_stdio_session
    |     ClientSession(read, write, **(session_kwargs or {})) as session,
    |     ~~~~~~~~~~~~~^^^^^^^^^^^^^^^^^^^^^^^^^^^^^^^^^^^^^^^
    |   File "/home/TGerbeau/Documents/workspace-geocontext-test/.venv/lib/python3.13/site-packages/mcp/shared/session.py", line 238, in __aexit__
    |     return await self._task_group.__aexit__(exc_type, exc_val, exc_tb)
    |            ^^^^^^^^^^^^^^^^^^^^^^^^^^^^^^^^^^^^^^^^^^^^^^^^^^^^^^^^^^^
    |   File "/home/TGerbeau/Documents/workspace-geocontext-test/.venv/lib/python3.13/site-packages/anyio/_backends/_asyncio.py", line 799, in __aexit__
    |     raise BaseExceptionGroup(
    |         "unhandled errors in a TaskGroup", self._exceptions
    |     ) from None
    | ExceptionGroup: unhandled errors in a TaskGroup (1 sub-exception)
    +-+---------------- 1 ----------------
      | Traceback (most recent call last):
      |   File "/home/TGerbeau/Documents/workspace-geocontext-test/.venv/lib/python3.13/site-packages/langchain_mcp_adapters/sessions.py", line 272, in _create_stdio_session
      |     yield session
      |   File "/home/TGerbeau/Documents/workspace-geocontext-test/.venv/lib/python3.13/site-packages/langchain_mcp_adapters/sessions.py", line 458, in create_session
      |     yield session
      |   File "/home/TGerbeau/Documents/workspace-geocontext-test/.venv/lib/python3.13/site-packages/langchain_mcp_adapters/tools.py", line 481, in load_mcp_tools
      |     await tool_session.initialize()
      |   File "/home/TGerbeau/Documents/workspace-geocontext-test/.venv/lib/python3.13/site-packages/mcp/client/session.py", line 171, in initialize
      |     result = await self.send_request(
      |              ^^^^^^^^^^^^^^^^^^^^^^^^
      |     ...&lt;16 lines&gt;...
      |     )
      |     ^
      |   File "/home/TGerbeau/Documents/workspace-geocontext-test/.venv/lib/python3.13/site-packages/mcp/shared/session.py", line 306, in send_request
      |     raise McpError(response_or_error.error)
      | mcp.shared.exceptions.McpError: Connection closed
      +------------------------------------</failure></testcase><testcase classname="test_chaining_geocode_assiette_sup" name="test_chaining_geocode_assiette_sup" time="0.027"><failure message="McpError('Connection closed') [single exception in ExceptionGroup]">+ Exception Group Traceback (most recent call last):
  |   File "/home/TGerbeau/Documents/workspace-geocontext-test/test_chaining_geocode_assiette_sup.py", line 27, in test_chaining_geocode_assiette_sup
  |     tools = await client.get_tools()
  |             ^^^^^^^^^^^^^^^^^^^^^^^^
  |   File "/home/TGerbeau/Documents/workspace-geocontext-test/.venv/lib/python3.13/site-packages/langchain_mcp_adapters/client.py", line 197, in get_tools
  |     tools_list = await asyncio.gather(*load_mcp_tool_tasks)
  |                  ^^^^^^^^^^^^^^^^^^^^^^^^^^^^^^^^^^^^^^^^^^
  |   File "/home/TGerbeau/Documents/workspace-geocontext-test/.venv/lib/python3.13/site-packages/langchain_mcp_adapters/tools.py", line 478, in load_mcp_tools
  |     async with create_session(
  |                ~~~~~~~~~~~~~~^
  |         connection, mcp_callbacks=mcp_callbacks
  |         ^^^^^^^^^^^^^^^^^^^^^^^^^^^^^^^^^^^^^^^
  |     ) as tool_session:
  |     ^
  |   File "/home/TGerbeau/snap/code/241/.local/share/uv/python/cpython-3.13.13-linux-x86_64-gnu/lib/python3.13/contextlib.py", line 235, in __aexit__
  |     await self.gen.athrow(value)
  |   File "/home/TGerbeau/Documents/workspace-geocontext-test/.venv/lib/python3.13/site-packages/langchain_mcp_adapters/sessions.py", line 457, in create_session
  |     async with _create_stdio_session(**params) as session:
  |                ~~~~~~~~~~~~~~~~~~~~~^^^^^^^^^^
  |   File "/home/TGerbeau/snap/code/241/.local/share/uv/python/cpython-3.13.13-linux-x86_64-gnu/lib/python3.13/contextlib.py", line 235, in __aexit__
  |     await self.gen.athrow(value)
  |   File "/home/TGerbeau/Documents/workspace-geocontext-test/.venv/lib/python3.13/site-packages/langchain_mcp_adapters/sessions.py", line 269, in _create_stdio_session
  |     stdio_client(server_params) as (read, write),
  |     ~~~~~~~~~~~~^^^^^^^^^^^^^^^
  |   File "/home/TGerbeau/snap/code/241/.local/share/uv/python/cpython-3.13.13-linux-x86_64-gnu/lib/python3.13/contextlib.py", line 235, in __aexit__
  |     await self.gen.athrow(value)
  |   File "/home/TGerbeau/Documents/workspace-geocontext-test/.venv/lib/python3.13/site-packages/mcp/client/stdio/__init__.py", line 183, in stdio_client
  |     anyio.create_task_group() as tg,
  |     ~~~~~~~~~~~~~~~~~~~~~~~^^
  |   File "/home/TGerbeau/Documents/workspace-geocontext-test/.venv/lib/python3.13/site-packages/anyio/_backends/_asyncio.py", line 799, in __aexit__
  |     raise BaseExceptionGroup(
  |         "unhandled errors in a TaskGroup", self._exceptions
  |     ) from None
  | ExceptionGroup: unhandled errors in a TaskGroup (1 sub-exception)
  +-+---------------- 1 ----------------
    | Exception Group Traceback (most recent call last):
    |   File "/home/TGerbeau/Documents/workspace-geocontext-test/.venv/lib/python3.13/site-packages/mcp/client/stdio/__init__.py", line 189, in stdio_client
    |     yield read_stream, write_stream
    |   File "/home/TGerbeau/Documents/workspace-geocontext-test/.venv/lib/python3.13/site-packages/langchain_mcp_adapters/sessions.py", line 270, in _create_stdio_session
    |     ClientSession(read, write, **(session_kwargs or {})) as session,
    |     ~~~~~~~~~~~~~^^^^^^^^^^^^^^^^^^^^^^^^^^^^^^^^^^^^^^^
    |   File "/home/TGerbeau/Documents/workspace-geocontext-test/.venv/lib/python3.13/site-packages/mcp/shared/session.py", line 238, in __aexit__
    |     return await self._task_group.__aexit__(exc_type, exc_val, exc_tb)
    |            ^^^^^^^^^^^^^^^^^^^^^^^^^^^^^^^^^^^^^^^^^^^^^^^^^^^^^^^^^^^
    |   File "/home/TGerbeau/Documents/workspace-geocontext-test/.venv/lib/python3.13/site-packages/anyio/_backends/_asyncio.py", line 799, in __aexit__
    |     raise BaseExceptionGroup(
    |         "unhandled errors in a TaskGroup", self._exceptions
    |     ) from None
    | ExceptionGroup: unhandled errors in a TaskGroup (1 sub-exception)
    +-+---------------- 1 ----------------
      | Traceback (most recent call last):
      |   File "/home/TGerbeau/Documents/workspace-geocontext-test/.venv/lib/python3.13/site-packages/langchain_mcp_adapters/sessions.py", line 272, in _create_stdio_session
      |     yield session
      |   File "/home/TGerbeau/Documents/workspace-geocontext-test/.venv/lib/python3.13/site-packages/langchain_mcp_adapters/sessions.py", line 458, in create_session
      |     yield session
      |   File "/home/TGerbeau/Documents/workspace-geocontext-test/.venv/lib/python3.13/site-packages/langchain_mcp_adapters/tools.py", line 481, in load_mcp_tools
      |     await tool_session.initialize()
      |   File "/home/TGerbeau/Documents/workspace-geocontext-test/.venv/lib/python3.13/site-packages/mcp/client/session.py", line 171, in initialize
      |     result = await self.send_request(
      |              ^^^^^^^^^^^^^^^^^^^^^^^^
      |     ...&lt;16 lines&gt;...
      |     )
      |     ^
      |   File "/home/TGerbeau/Documents/workspace-geocontext-test/.venv/lib/python3.13/site-packages/mcp/shared/session.py", line 306, in send_request
      |     raise McpError(response_or_error.error)
      | mcp.shared.exceptions.McpError: Connection closed
      +------------------------------------</failure></testcase><testcase classname="test_describe_type" name="test_describe_type" time="0.018"><failure message="McpError('Connection closed') [single exception in ExceptionGroup]">+ Exception Group Traceback (most recent call last):
  |   File "/home/TGerbeau/Documents/workspace-geocontext-test/test_describe_type.py", line 22, in test_describe_type
  |     tools = await client.get_tools()
  |             ^^^^^^^^^^^^^^^^^^^^^^^^
  |   File "/home/TGerbeau/Documents/workspace-geocontext-test/.venv/lib/python3.13/site-packages/langchain_mcp_adapters/client.py", line 197, in get_tools
  |     tools_list = await asyncio.gather(*load_mcp_tool_tasks)
  |                  ^^^^^^^^^^^^^^^^^^^^^^^^^^^^^^^^^^^^^^^^^^
  |   File "/home/TGerbeau/Documents/workspace-geocontext-test/.venv/lib/python3.13/site-packages/langchain_mcp_adapters/tools.py", line 478, in load_mcp_tools
  |     async with create_session(
  |                ~~~~~~~~~~~~~~^
  |         connection, mcp_callbacks=mcp_callbacks
  |         ^^^^^^^^^^^^^^^^^^^^^^^^^^^^^^^^^^^^^^^
  |     ) as tool_session:
  |     ^
  |   File "/home/TGerbeau/snap/code/241/.local/share/uv/python/cpython-3.13.13-linux-x86_64-gnu/lib/python3.13/contextlib.py", line 235, in __aexit__
  |     await self.gen.athrow(value)
  |   File "/home/TGerbeau/Documents/workspace-geocontext-test/.venv/lib/python3.13/site-packages/langchain_mcp_adapters/sessions.py", line 457, in create_session
  |     async with _create_stdio_session(**params) as session:
  |                ~~~~~~~~~~~~~~~~~~~~~^^^^^^^^^^
  |   File "/home/TGerbeau/snap/code/241/.local/share/uv/python/cpython-3.13.13-linux-x86_64-gnu/lib/python3.13/contextlib.py", line 235, in __aexit__
  |     await self.gen.athrow(value)
  |   File "/home/TGerbeau/Documents/workspace-geocontext-test/.venv/lib/python3.13/site-packages/langchain_mcp_adapters/sessions.py", line 269, in _create_stdio_session
  |     stdio_client(server_params) as (read, write),
  |     ~~~~~~~~~~~~^^^^^^^^^^^^^^^
  |   File "/home/TGerbeau/snap/code/241/.local/share/uv/python/cpython-3.13.13-linux-x86_64-gnu/lib/python3.13/contextlib.py", line 235, in __aexit__
  |     await self.gen.athrow(value)
  |   File "/home/TGerbeau/Documents/workspace-geocontext-test/.venv/lib/python3.13/site-packages/mcp/client/stdio/__init__.py", line 183, in stdio_client
  |     anyio.create_task_group() as tg,
  |     ~~~~~~~~~~~~~~~~~~~~~~~^^
  |   File "/home/TGerbeau/Documents/workspace-geocontext-test/.venv/lib/python3.13/site-packages/anyio/_backends/_asyncio.py", line 799, in __aexit__
  |     raise BaseExceptionGroup(
  |         "unhandled errors in a TaskGroup", self._exceptions
  |     ) from None
  | ExceptionGroup: unhandled errors in a TaskGroup (1 sub-exception)
  +-+---------------- 1 ----------------
    | Exception Group Traceback (most recent call last):
    |   File "/home/TGerbeau/Documents/workspace-geocontext-test/.venv/lib/python3.13/site-packages/mcp/client/stdio/__init__.py", line 189, in stdio_client
    |     yield read_stream, write_stream
    |   File "/home/TGerbeau/Documents/workspace-geocontext-test/.venv/lib/python3.13/site-packages/langchain_mcp_adapters/sessions.py", line 270, in _create_stdio_session
    |     ClientSession(read, write, **(session_kwargs or {})) as session,
    |     ~~~~~~~~~~~~~^^^^^^^^^^^^^^^^^^^^^^^^^^^^^^^^^^^^^^^
    |   File "/home/TGerbeau/Documents/workspace-geocontext-test/.venv/lib/python3.13/site-packages/mcp/shared/session.py", line 238, in __aexit__
    |     return await self._task_group.__aexit__(exc_type, exc_val, exc_tb)
    |            ^^^^^^^^^^^^^^^^^^^^^^^^^^^^^^^^^^^^^^^^^^^^^^^^^^^^^^^^^^^
    |   File "/home/TGerbeau/Documents/workspace-geocontext-test/.venv/lib/python3.13/site-packages/anyio/_backends/_asyncio.py", line 799, in __aexit__
    |     raise BaseExceptionGroup(
    |         "unhandled errors in a TaskGroup", self._exceptions
    |     ) from None
    | ExceptionGroup: unhandled errors in a TaskGroup (1 sub-exception)
    +-+---------------- 1 ----------------
      | Traceback (most recent call last):
      |   File "/home/TGerbeau/Documents/workspace-geocontext-test/.venv/lib/python3.13/site-packages/langchain_mcp_adapters/sessions.py", line 272, in _create_stdio_session
      |     yield session
      |   File "/home/TGerbeau/Documents/workspace-geocontext-test/.venv/lib/python3.13/site-packages/langchain_mcp_adapters/sessions.py", line 458, in create_session
      |     yield session
      |   File "/home/TGerbeau/Documents/workspace-geocontext-test/.venv/lib/python3.13/site-packages/langchain_mcp_adapters/tools.py", line 481, in load_mcp_tools
      |     await tool_session.initialize()
      |   File "/home/TGerbeau/Documents/workspace-geocontext-test/.venv/lib/python3.13/site-packages/mcp/client/session.py", line 171, in initialize
      |     result = await self.send_request(
      |              ^^^^^^^^^^^^^^^^^^^^^^^^
      |     ...&lt;16 lines&gt;...
      |     )
      |     ^
      |   File "/home/TGerbeau/Documents/workspace-geocontext-test/.venv/lib/python3.13/site-packages/mcp/shared/session.py", line 306, in send_request
      |     raise McpError(response_or_error.error)
      | mcp.shared.exceptions.McpError: Connection closed
      +------------------------------------</failure></testcase><testcase classname="test_france_capital" name="test_agent_creation_call_and_paris_in_response" time="0.650"><failure message="TypeError: &quot;Could not resolve authentication method. Expected either api_key or auth_token to be set. Or for one of the `X-Api-Key` or `Authorization` headers to be explicitly omitted&quot;&#10;During task with name 'model' and id '2ba62d9f-ea41-0f13-aabd-86f21610dfb9'">test_france_capital.py:13: in test_agent_creation_call_and_paris_in_response
    response = asyncio.run(
../../snap/code/241/.local/share/uv/python/cpython-3.13.13-linux-x86_64-gnu/lib/python3.13/asyncio/runners.py:195: in run
    return runner.run(main)
           ^^^^^^^^^^^^^^^^
../../snap/code/241/.local/share/uv/python/cpython-3.13.13-linux-x86_64-gnu/lib/python3.13/asyncio/runners.py:118: in run
    return self._loop.run_until_complete(task)
           ^^^^^^^^^^^^^^^^^^^^^^^^^^^^^^^^^^^
../../snap/code/241/.local/share/uv/python/cpython-3.13.13-linux-x86_64-gnu/lib/python3.13/asyncio/base_events.py:725: in run_until_complete
    return future.result()
           ^^^^^^^^^^^^^^^
.venv/lib/python3.13/site-packages/langgraph/pregel/main.py:3479: in ainvoke
    async for chunk in self.astream(
.venv/lib/python3.13/site-packages/langgraph/pregel/main.py:3128: in astream
    async for _ in runner.atick(
.venv/lib/python3.13/site-packages/langgraph/pregel/_runner.py:304: in atick
    await arun_with_retry(
.venv/lib/python3.13/site-packages/langgraph/pregel/_retry.py:242: in arun_with_retry
    return await task.proc.ainvoke(task.input, config)
           ^^^^^^^^^^^^^^^^^^^^^^^^^^^^^^^^^^^^^^^^^^^
.venv/lib/python3.13/site-packages/langgraph/_internal/_runnable.py:705: in ainvoke
    input = await asyncio.create_task(
.venv/lib/python3.13/site-packages/langgraph/_internal/_runnable.py:473: in ainvoke
    ret = await self.afunc(*args, **kwargs)
          ^^^^^^^^^^^^^^^^^^^^^^^^^^^^^^^^^
.venv/lib/python3.13/site-packages/langchain/agents/factory.py:1358: in amodel_node
    model_response = await _execute_model_async(request)
                     ^^^^^^^^^^^^^^^^^^^^^^^^^^^^^^^^^^^
.venv/lib/python3.13/site-packages/langchain/agents/factory.py:1330: in _execute_model_async
    output = await model_.ainvoke(messages)
             ^^^^^^^^^^^^^^^^^^^^^^^^^^^^^^
.venv/lib/python3.13/site-packages/langchain_core/runnables/base.py:5708: in ainvoke
    return await self.bound.ainvoke(
.venv/lib/python3.13/site-packages/langchain_core/language_models/chat_models.py:477: in ainvoke
    llm_result = await self.agenerate_prompt(
.venv/lib/python3.13/site-packages/langchain_core/language_models/chat_models.py:1196: in agenerate_prompt
    return await self.agenerate(
.venv/lib/python3.13/site-packages/langchain_core/language_models/chat_models.py:1154: in agenerate
    raise exceptions[0]
.venv/lib/python3.13/site-packages/langchain_core/language_models/chat_models.py:1423: in _agenerate_with_cache
    result = await self._agenerate(
.venv/lib/python3.13/site-packages/langchain_anthropic/chat_models.py:1532: in _agenerate
    data = await self._acreate(payload)
           ^^^^^^^^^^^^^^^^^^^^^^^^^^^^
.venv/lib/python3.13/site-packages/langchain_anthropic/chat_models.py:1195: in _acreate
    return await self._async_client.messages.create(**payload)
           ^^^^^^^^^^^^^^^^^^^^^^^^^^^^^^^^^^^^^^^^^^^^^^^^^^^
.venv/lib/python3.13/site-packages/anthropic/resources/messages/messages.py:2443: in create
    return await self._post(
.venv/lib/python3.13/site-packages/anthropic/_base_client.py:1996: in post
    return await self.request(cast_to, opts, stream=stream, stream_cls=stream_cls)
           ^^^^^^^^^^^^^^^^^^^^^^^^^^^^^^^^^^^^^^^^^^^^^^^^^^^^^^^^^^^^^^^^^^^^^^^
.venv/lib/python3.13/site-packages/anthropic/_base_client.py:1702: in request
    request = self._build_request(options, retries_taken=retries_taken)
              ^^^^^^^^^^^^^^^^^^^^^^^^^^^^^^^^^^^^^^^^^^^^^^^^^^^^^^^^^
.venv/lib/python3.13/site-packages/anthropic/_base_client.py:521: in _build_request
    headers = self._build_headers(options, retries_taken=retries_taken)
              ^^^^^^^^^^^^^^^^^^^^^^^^^^^^^^^^^^^^^^^^^^^^^^^^^^^^^^^^^
.venv/lib/python3.13/site-packages/anthropic/_base_client.py:451: in _build_headers
    self._validate_headers(headers_dict, custom_headers)
.venv/lib/python3.13/site-packages/anthropic/_client.py:436: in _validate_headers
    raise TypeError(
E   TypeError: "Could not resolve authentication method. Expected either api_key or auth_token to be set. Or for one of the `X-Api-Key` or `Authorization` headers to be explicitly omitted"
E   During task with name 'model' and id '2ba62d9f-ea41-0f13-aabd-86f21610dfb9'</failure></testcase><testcase classname="test_get_feature_by_id" name="test_get_feature_by_id" time="0.026"><failure message="McpError('Connection closed') [single exception in ExceptionGroup]">+ Exception Group Traceback (most recent call last):
  |   File "/home/TGerbeau/Documents/workspace-geocontext-test/test_get_feature_by_id.py", line 22, in test_get_feature_by_id
  |     tools = await client.get_tools()
  |             ^^^^^^^^^^^^^^^^^^^^^^^^
  |   File "/home/TGerbeau/Documents/workspace-geocontext-test/.venv/lib/python3.13/site-packages/langchain_mcp_adapters/client.py", line 197, in get_tools
  |     tools_list = await asyncio.gather(*load_mcp_tool_tasks)
  |                  ^^^^^^^^^^^^^^^^^^^^^^^^^^^^^^^^^^^^^^^^^^
  |   File "/home/TGerbeau/Documents/workspace-geocontext-test/.venv/lib/python3.13/site-packages/langchain_mcp_adapters/tools.py", line 478, in load_mcp_tools
  |     async with create_session(
  |                ~~~~~~~~~~~~~~^
  |         connection, mcp_callbacks=mcp_callbacks
  |         ^^^^^^^^^^^^^^^^^^^^^^^^^^^^^^^^^^^^^^^
  |     ) as tool_session:
  |     ^
  |   File "/home/TGerbeau/snap/code/241/.local/share/uv/python/cpython-3.13.13-linux-x86_64-gnu/lib/python3.13/contextlib.py", line 235, in __aexit__
  |     await self.gen.athrow(value)
  |   File "/home/TGerbeau/Documents/workspace-geocontext-test/.venv/lib/python3.13/site-packages/langchain_mcp_adapters/sessions.py", line 457, in create_session
  |     async with _create_stdio_session(**params) as session:
  |                ~~~~~~~~~~~~~~~~~~~~~^^^^^^^^^^
  |   File "/home/TGerbeau/snap/code/241/.local/share/uv/python/cpython-3.13.13-linux-x86_64-gnu/lib/python3.13/contextlib.py", line 235, in __aexit__
  |     await self.gen.athrow(value)
  |   File "/home/TGerbeau/Documents/workspace-geocontext-test/.venv/lib/python3.13/site-packages/langchain_mcp_adapters/sessions.py", line 269, in _create_stdio_session
  |     stdio_client(server_params) as (read, write),
  |     ~~~~~~~~~~~~^^^^^^^^^^^^^^^
  |   File "/home/TGerbeau/snap/code/241/.local/share/uv/python/cpython-3.13.13-linux-x86_64-gnu/lib/python3.13/contextlib.py", line 235, in __aexit__
  |     await self.gen.athrow(value)
  |   File "/home/TGerbeau/Documents/workspace-geocontext-test/.venv/lib/python3.13/site-packages/mcp/client/stdio/__init__.py", line 183, in stdio_client
  |     anyio.create_task_group() as tg,
  |     ~~~~~~~~~~~~~~~~~~~~~~~^^
  |   File "/home/TGerbeau/Documents/workspace-geocontext-test/.venv/lib/python3.13/site-packages/anyio/_backends/_asyncio.py", line 799, in __aexit__
  |     raise BaseExceptionGroup(
  |         "unhandled errors in a TaskGroup", self._exceptions
  |     ) from None
  | ExceptionGroup: unhandled errors in a TaskGroup (1 sub-exception)
  +-+---------------- 1 ----------------
    | Exception Group Traceback (most recent call last):
    |   File "/home/TGerbeau/Documents/workspace-geocontext-test/.venv/lib/python3.13/site-packages/mcp/client/stdio/__init__.py", line 189, in stdio_client
    |     yield read_stream, write_stream
    |   File "/home/TGerbeau/Documents/workspace-geocontext-test/.venv/lib/python3.13/site-packages/langchain_mcp_adapters/sessions.py", line 270, in _create_stdio_session
    |     ClientSession(read, write, **(session_kwargs or {})) as session,
    |     ~~~~~~~~~~~~~^^^^^^^^^^^^^^^^^^^^^^^^^^^^^^^^^^^^^^^
    |   File "/home/TGerbeau/Documents/workspace-geocontext-test/.venv/lib/python3.13/site-packages/mcp/shared/session.py", line 238, in __aexit__
    |     return await self._task_group.__aexit__(exc_type, exc_val, exc_tb)
    |            ^^^^^^^^^^^^^^^^^^^^^^^^^^^^^^^^^^^^^^^^^^^^^^^^^^^^^^^^^^^
    |   File "/home/TGerbeau/Documents/workspace-geocontext-test/.venv/lib/python3.13/site-packages/anyio/_backends/_asyncio.py", line 799, in __aexit__
    |     raise BaseExceptionGroup(
    |         "unhandled errors in a TaskGroup", self._exceptions
    |     ) from None
    | ExceptionGroup: unhandled errors in a TaskGroup (1 sub-exception)
    +-+---------------- 1 ----------------
      | Traceback (most recent call last):
      |   File "/home/TGerbeau/Documents/workspace-geocontext-test/.venv/lib/python3.13/site-packages/langchain_mcp_adapters/sessions.py", line 272, in _create_stdio_session
      |     yield session
      |   File "/home/TGerbeau/Documents/workspace-geocontext-test/.venv/lib/python3.13/site-packages/langchain_mcp_adapters/sessions.py", line 458, in create_session
      |     yield session
      |   File "/home/TGerbeau/Documents/workspace-geocontext-test/.venv/lib/python3.13/site-packages/langchain_mcp_adapters/tools.py", line 481, in load_mcp_tools
      |     await tool_session.initialize()
      |   File "/home/TGerbeau/Documents/workspace-geocontext-test/.venv/lib/python3.13/site-packages/mcp/client/session.py", line 171, in initialize
      |     result = await self.send_request(
      |              ^^^^^^^^^^^^^^^^^^^^^^^^
      |     ...&lt;16 lines&gt;...
      |     )
      |     ^
      |   File "/home/TGerbeau/Documents/workspace-geocontext-test/.venv/lib/python3.13/site-packages/mcp/shared/session.py", line 306, in send_request
      |     raise McpError(response_or_error.error)
      | mcp.shared.exceptions.McpError: Connection closed
      +------------------------------------</failure></testcase><testcase classname="test_get_features" name="test_get_features" time="0.020"><failure message="McpError('Connection closed') [single exception in ExceptionGroup]">+ Exception Group Traceback (most recent call last):
  |   File "/home/TGerbeau/Documents/workspace-geocontext-test/test_get_features.py", line 22, in test_get_features
  |     tools = await client.get_tools()
  |             ^^^^^^^^^^^^^^^^^^^^^^^^
  |   File "/home/TGerbeau/Documents/workspace-geocontext-test/.venv/lib/python3.13/site-packages/langchain_mcp_adapters/client.py", line 197, in get_tools
  |     tools_list = await asyncio.gather(*load_mcp_tool_tasks)
  |                  ^^^^^^^^^^^^^^^^^^^^^^^^^^^^^^^^^^^^^^^^^^
  |   File "/home/TGerbeau/Documents/workspace-geocontext-test/.venv/lib/python3.13/site-packages/langchain_mcp_adapters/tools.py", line 478, in load_mcp_tools
  |     async with create_session(
  |                ~~~~~~~~~~~~~~^
  |         connection, mcp_callbacks=mcp_callbacks
  |         ^^^^^^^^^^^^^^^^^^^^^^^^^^^^^^^^^^^^^^^
  |     ) as tool_session:
  |     ^
  |   File "/home/TGerbeau/snap/code/241/.local/share/uv/python/cpython-3.13.13-linux-x86_64-gnu/lib/python3.13/contextlib.py", line 235, in __aexit__
  |     await self.gen.athrow(value)
  |   File "/home/TGerbeau/Documents/workspace-geocontext-test/.venv/lib/python3.13/site-packages/langchain_mcp_adapters/sessions.py", line 457, in create_session
  |     async with _create_stdio_session(**params) as session:
  |                ~~~~~~~~~~~~~~~~~~~~~^^^^^^^^^^
  |   File "/home/TGerbeau/snap/code/241/.local/share/uv/python/cpython-3.13.13-linux-x86_64-gnu/lib/python3.13/contextlib.py", line 235, in __aexit__
  |     await self.gen.athrow(value)
  |   File "/home/TGerbeau/Documents/workspace-geocontext-test/.venv/lib/python3.13/site-packages/langchain_mcp_adapters/sessions.py", line 269, in _create_stdio_session
  |     stdio_client(server_params) as (read, write),
  |     ~~~~~~~~~~~~^^^^^^^^^^^^^^^
  |   File "/home/TGerbeau/snap/code/241/.local/share/uv/python/cpython-3.13.13-linux-x86_64-gnu/lib/python3.13/contextlib.py", line 235, in __aexit__
  |     await self.gen.athrow(value)
  |   File "/home/TGerbeau/Documents/workspace-geocontext-test/.venv/lib/python3.13/site-packages/mcp/client/stdio/__init__.py", line 183, in stdio_client
  |     anyio.create_task_group() as tg,
  |     ~~~~~~~~~~~~~~~~~~~~~~~^^
  |   File "/home/TGerbeau/Documents/workspace-geocontext-test/.venv/lib/python3.13/site-packages/anyio/_backends/_asyncio.py", line 799, in __aexit__
  |     raise BaseExceptionGroup(
  |         "unhandled errors in a TaskGroup", self._exceptions
  |     ) from None
  | ExceptionGroup: unhandled errors in a TaskGroup (1 sub-exception)
  +-+---------------- 1 ----------------
    | Exception Group Traceback (most recent call last):
    |   File "/home/TGerbeau/Documents/workspace-geocontext-test/.venv/lib/python3.13/site-packages/mcp/client/stdio/__init__.py", line 189, in stdio_client
    |     yield read_stream, write_stream
    |   File "/home/TGerbeau/Documents/workspace-geocontext-test/.venv/lib/python3.13/site-packages/langchain_mcp_adapters/sessions.py", line 270, in _create_stdio_session
    |     ClientSession(read, write, **(session_kwargs or {})) as session,
    |     ~~~~~~~~~~~~~^^^^^^^^^^^^^^^^^^^^^^^^^^^^^^^^^^^^^^^
    |   File "/home/TGerbeau/Documents/workspace-geocontext-test/.venv/lib/python3.13/site-packages/mcp/shared/session.py", line 238, in __aexit__
    |     return await self._task_group.__aexit__(exc_type, exc_val, exc_tb)
    |            ^^^^^^^^^^^^^^^^^^^^^^^^^^^^^^^^^^^^^^^^^^^^^^^^^^^^^^^^^^^
    |   File "/home/TGerbeau/Documents/workspace-geocontext-test/.venv/lib/python3.13/site-packages/anyio/_backends/_asyncio.py", line 799, in __aexit__
    |     raise BaseExceptionGroup(
    |         "unhandled errors in a TaskGroup", self._exceptions
    |     ) from None
    | ExceptionGroup: unhandled errors in a TaskGroup (1 sub-exception)
    +-+---------------- 1 ----------------
      | Traceback (most recent call last):
      |   File "/home/TGerbeau/Documents/workspace-geocontext-test/.venv/lib/python3.13/site-packages/langchain_mcp_adapters/sessions.py", line 272, in _create_stdio_session
      |     yield session
      |   File "/home/TGerbeau/Documents/workspace-geocontext-test/.venv/lib/python3.13/site-packages/langchain_mcp_adapters/sessions.py", line 458, in create_session
      |     yield session
      |   File "/home/TGerbeau/Documents/workspace-geocontext-test/.venv/lib/python3.13/site-packages/langchain_mcp_adapters/tools.py", line 481, in load_mcp_tools
      |     await tool_session.initialize()
      |   File "/home/TGerbeau/Documents/workspace-geocontext-test/.venv/lib/python3.13/site-packages/mcp/client/session.py", line 171, in initialize
      |     result = await self.send_request(
      |              ^^^^^^^^^^^^^^^^^^^^^^^^
      |     ...&lt;16 lines&gt;...
      |     )
      |     ^
      |   File "/home/TGerbeau/Documents/workspace-geocontext-test/.venv/lib/python3.13/site-packages/mcp/shared/session.py", line 306, in send_request
      |     raise McpError(response_or_error.error)
      | mcp.shared.exceptions.McpError: Connection closed
      +------------------------------------</failure></testcase><testcase classname="test_search_batiment" name="test_chaining_geocode_altitude" time="0.021"><failure message="McpError('Connection closed') [single exception in ExceptionGroup]">+ Exception Group Traceback (most recent call last):
  |   File "/home/TGerbeau/Documents/workspace-geocontext-test/test_search_batiment.py", line 22, in test_chaining_geocode_altitude
  |     tools = await client.get_tools()
  |             ^^^^^^^^^^^^^^^^^^^^^^^^
  |   File "/home/TGerbeau/Documents/workspace-geocontext-test/.venv/lib/python3.13/site-packages/langchain_mcp_adapters/client.py", line 197, in get_tools
  |     tools_list = await asyncio.gather(*load_mcp_tool_tasks)
  |                  ^^^^^^^^^^^^^^^^^^^^^^^^^^^^^^^^^^^^^^^^^^
  |   File "/home/TGerbeau/Documents/workspace-geocontext-test/.venv/lib/python3.13/site-packages/langchain_mcp_adapters/tools.py", line 478, in load_mcp_tools
  |     async with create_session(
  |                ~~~~~~~~~~~~~~^
  |         connection, mcp_callbacks=mcp_callbacks
  |         ^^^^^^^^^^^^^^^^^^^^^^^^^^^^^^^^^^^^^^^
  |     ) as tool_session:
  |     ^
  |   File "/home/TGerbeau/snap/code/241/.local/share/uv/python/cpython-3.13.13-linux-x86_64-gnu/lib/python3.13/contextlib.py", line 235, in __aexit__
  |     await self.gen.athrow(value)
  |   File "/home/TGerbeau/Documents/workspace-geocontext-test/.venv/lib/python3.13/site-packages/langchain_mcp_adapters/sessions.py", line 457, in create_session
  |     async with _create_stdio_session(**params) as session:
  |                ~~~~~~~~~~~~~~~~~~~~~^^^^^^^^^^
  |   File "/home/TGerbeau/snap/code/241/.local/share/uv/python/cpython-3.13.13-linux-x86_64-gnu/lib/python3.13/contextlib.py", line 235, in __aexit__
  |     await self.gen.athrow(value)
  |   File "/home/TGerbeau/Documents/workspace-geocontext-test/.venv/lib/python3.13/site-packages/langchain_mcp_adapters/sessions.py", line 269, in _create_stdio_session
  |     stdio_client(server_params) as (read, write),
  |     ~~~~~~~~~~~~^^^^^^^^^^^^^^^
  |   File "/home/TGerbeau/snap/code/241/.local/share/uv/python/cpython-3.13.13-linux-x86_64-gnu/lib/python3.13/contextlib.py", line 235, in __aexit__
  |     await self.gen.athrow(value)
  |   File "/home/TGerbeau/Documents/workspace-geocontext-test/.venv/lib/python3.13/site-packages/mcp/client/stdio/__init__.py", line 183, in stdio_client
  |     anyio.create_task_group() as tg,
  |     ~~~~~~~~~~~~~~~~~~~~~~~^^
  |   File "/home/TGerbeau/Documents/workspace-geocontext-test/.venv/lib/python3.13/site-packages/anyio/_backends/_asyncio.py", line 799, in __aexit__
  |     raise BaseExceptionGroup(
  |         "unhandled errors in a TaskGroup", self._exceptions
  |     ) from None
  | ExceptionGroup: unhandled errors in a TaskGroup (1 sub-exception)
  +-+---------------- 1 ----------------
    | Exception Group Traceback (most recent call last):
    |   File "/home/TGerbeau/Documents/workspace-geocontext-test/.venv/lib/python3.13/site-packages/mcp/client/stdio/__init__.py", line 189, in stdio_client
    |     yield read_stream, write_stream
    |   File "/home/TGerbeau/Documents/workspace-geocontext-test/.venv/lib/python3.13/site-packages/langchain_mcp_adapters/sessions.py", line 270, in _create_stdio_session
    |     ClientSession(read, write, **(session_kwargs or {})) as session,
    |     ~~~~~~~~~~~~~^^^^^^^^^^^^^^^^^^^^^^^^^^^^^^^^^^^^^^^
    |   File "/home/TGerbeau/Documents/workspace-geocontext-test/.venv/lib/python3.13/site-packages/mcp/shared/session.py", line 238, in __aexit__
    |     return await self._task_group.__aexit__(exc_type, exc_val, exc_tb)
    |            ^^^^^^^^^^^^^^^^^^^^^^^^^^^^^^^^^^^^^^^^^^^^^^^^^^^^^^^^^^^
    |   File "/home/TGerbeau/Documents/workspace-geocontext-test/.venv/lib/python3.13/site-packages/anyio/_backends/_asyncio.py", line 799, in __aexit__
    |     raise BaseExceptionGroup(
    |         "unhandled errors in a TaskGroup", self._exceptions
    |     ) from None
    | ExceptionGroup: unhandled errors in a TaskGroup (1 sub-exception)
    +-+---------------- 1 ----------------
      | Traceback (most recent call last):
      |   File "/home/TGerbeau/Documents/workspace-geocontext-test/.venv/lib/python3.13/site-packages/langchain_mcp_adapters/sessions.py", line 272, in _create_stdio_session
      |     yield session
      |   File "/home/TGerbeau/Documents/workspace-geocontext-test/.venv/lib/python3.13/site-packages/langchain_mcp_adapters/sessions.py", line 458, in create_session
      |     yield session
      |   File "/home/TGerbeau/Documents/workspace-geocontext-test/.venv/lib/python3.13/site-packages/langchain_mcp_adapters/tools.py", line 481, in load_mcp_tools
      |     await tool_session.initialize()
      |   File "/home/TGerbeau/Documents/workspace-geocontext-test/.venv/lib/python3.13/site-packages/mcp/client/session.py", line 171, in initialize
      |     result = await self.send_request(
      |              ^^^^^^^^^^^^^^^^^^^^^^^^
      |     ...&lt;16 lines&gt;...
      |     )
      |     ^
      |   File "/home/TGerbeau/Documents/workspace-geocontext-test/.venv/lib/python3.13/site-packages/mcp/shared/session.py", line 306, in send_request
      |     raise McpError(response_or_error.error)
      | mcp.shared.exceptions.McpError: Connection closed
      +------------------------------------</failure></testcase><testcase classname="test_search_ecoles" name="test_search_ecoles" time="0.018"><failure message="McpError('Connection closed') [single exception in ExceptionGroup]">+ Exception Group Traceback (most recent call last):
  |   File "/home/TGerbeau/Documents/workspace-geocontext-test/test_search_ecoles.py", line 22, in test_search_ecoles
  |     tools = await client.get_tools()
  |             ^^^^^^^^^^^^^^^^^^^^^^^^
  |   File "/home/TGerbeau/Documents/workspace-geocontext-test/.venv/lib/python3.13/site-packages/langchain_mcp_adapters/client.py", line 197, in get_tools
  |     tools_list = await asyncio.gather(*load_mcp_tool_tasks)
  |                  ^^^^^^^^^^^^^^^^^^^^^^^^^^^^^^^^^^^^^^^^^^
  |   File "/home/TGerbeau/Documents/workspace-geocontext-test/.venv/lib/python3.13/site-packages/langchain_mcp_adapters/tools.py", line 478, in load_mcp_tools
  |     async with create_session(
  |                ~~~~~~~~~~~~~~^
  |         connection, mcp_callbacks=mcp_callbacks
  |         ^^^^^^^^^^^^^^^^^^^^^^^^^^^^^^^^^^^^^^^
  |     ) as tool_session:
  |     ^
  |   File "/home/TGerbeau/snap/code/241/.local/share/uv/python/cpython-3.13.13-linux-x86_64-gnu/lib/python3.13/contextlib.py", line 235, in __aexit__
  |     await self.gen.athrow(value)
  |   File "/home/TGerbeau/Documents/workspace-geocontext-test/.venv/lib/python3.13/site-packages/langchain_mcp_adapters/sessions.py", line 457, in create_session
  |     async with _create_stdio_session(**params) as session:
  |                ~~~~~~~~~~~~~~~~~~~~~^^^^^^^^^^
  |   File "/home/TGerbeau/snap/code/241/.local/share/uv/python/cpython-3.13.13-linux-x86_64-gnu/lib/python3.13/contextlib.py", line 235, in __aexit__
  |     await self.gen.athrow(value)
  |   File "/home/TGerbeau/Documents/workspace-geocontext-test/.venv/lib/python3.13/site-packages/langchain_mcp_adapters/sessions.py", line 269, in _create_stdio_session
  |     stdio_client(server_params) as (read, write),
  |     ~~~~~~~~~~~~^^^^^^^^^^^^^^^
  |   File "/home/TGerbeau/snap/code/241/.local/share/uv/python/cpython-3.13.13-linux-x86_64-gnu/lib/python3.13/contextlib.py", line 235, in __aexit__
  |     await self.gen.athrow(value)
  |   File "/home/TGerbeau/Documents/workspace-geocontext-test/.venv/lib/python3.13/site-packages/mcp/client/stdio/__init__.py", line 183, in stdio_client
  |     anyio.create_task_group() as tg,
  |     ~~~~~~~~~~~~~~~~~~~~~~~^^
  |   File "/home/TGerbeau/Documents/workspace-geocontext-test/.venv/lib/python3.13/site-packages/anyio/_backends/_asyncio.py", line 799, in __aexit__
  |     raise BaseExceptionGroup(
  |         "unhandled errors in a TaskGroup", self._exceptions
  |     ) from None
  | ExceptionGroup: unhandled errors in a TaskGroup (1 sub-exception)
  +-+---------------- 1 ----------------
    | Exception Group Traceback (most recent call last):
    |   File "/home/TGerbeau/Documents/workspace-geocontext-test/.venv/lib/python3.13/site-packages/mcp/client/stdio/__init__.py", line 189, in stdio_client
    |     yield read_stream, write_stream
    |   File "/home/TGerbeau/Documents/workspace-geocontext-test/.venv/lib/python3.13/site-packages/langchain_mcp_adapters/sessions.py", line 270, in _create_stdio_session
    |     ClientSession(read, write, **(session_kwargs or {})) as session,
    |     ~~~~~~~~~~~~~^^^^^^^^^^^^^^^^^^^^^^^^^^^^^^^^^^^^^^^
    |   File "/home/TGerbeau/Documents/workspace-geocontext-test/.venv/lib/python3.13/site-packages/mcp/shared/session.py", line 238, in __aexit__
    |     return await self._task_group.__aexit__(exc_type, exc_val, exc_tb)
    |            ^^^^^^^^^^^^^^^^^^^^^^^^^^^^^^^^^^^^^^^^^^^^^^^^^^^^^^^^^^^
    |   File "/home/TGerbeau/Documents/workspace-geocontext-test/.venv/lib/python3.13/site-packages/anyio/_backends/_asyncio.py", line 799, in __aexit__
    |     raise BaseExceptionGroup(
    |         "unhandled errors in a TaskGroup", self._exceptions
    |     ) from None
    | ExceptionGroup: unhandled errors in a TaskGroup (1 sub-exception)
    +-+---------------- 1 ----------------
      | Traceback (most recent call last):
      |   File "/home/TGerbeau/Documents/workspace-geocontext-test/.venv/lib/python3.13/site-packages/langchain_mcp_adapters/sessions.py", line 272, in _create_stdio_session
      |     yield session
      |   File "/home/TGerbeau/Documents/workspace-geocontext-test/.venv/lib/python3.13/site-packages/langchain_mcp_adapters/sessions.py", line 458, in create_session
      |     yield session
      |   File "/home/TGerbeau/Documents/workspace-geocontext-test/.venv/lib/python3.13/site-packages/langchain_mcp_adapters/tools.py", line 481, in load_mcp_tools
      |     await tool_session.initialize()
      |   File "/home/TGerbeau/Documents/workspace-geocontext-test/.venv/lib/python3.13/site-packages/mcp/client/session.py", line 171, in initialize
      |     result = await self.send_request(
      |              ^^^^^^^^^^^^^^^^^^^^^^^^
      |     ...&lt;16 lines&gt;...
      |     )
      |     ^
      |   File "/home/TGerbeau/Documents/workspace-geocontext-test/.venv/lib/python3.13/site-packages/mcp/shared/session.py", line 306, in send_request
      |     raise McpError(response_or_error.error)
      | mcp.shared.exceptions.McpError: Connection closed
      +------------------------------------</failure></testcase><testcase classname="test_urbanisme" name="test_urbanisme" time="0.018"><failure message="McpError('Connection closed') [single exception in ExceptionGroup]">+ Exception Group Traceback (most recent call last):
  |   File "/home/TGerbeau/Documents/workspace-geocontext-test/test_urbanisme.py", line 22, in test_urbanisme
  |     tools = await client.get_tools()
  |             ^^^^^^^^^^^^^^^^^^^^^^^^
  |   File "/home/TGerbeau/Documents/workspace-geocontext-test/.venv/lib/python3.13/site-packages/langchain_mcp_adapters/client.py", line 197, in get_tools
  |     tools_list = await asyncio.gather(*load_mcp_tool_tasks)
  |                  ^^^^^^^^^^^^^^^^^^^^^^^^^^^^^^^^^^^^^^^^^^
  |   File "/home/TGerbeau/Documents/workspace-geocontext-test/.venv/lib/python3.13/site-packages/langchain_mcp_adapters/tools.py", line 478, in load_mcp_tools
  |     async with create_session(
  |                ~~~~~~~~~~~~~~^
  |         connection, mcp_callbacks=mcp_callbacks
  |         ^^^^^^^^^^^^^^^^^^^^^^^^^^^^^^^^^^^^^^^
  |     ) as tool_session:
  |     ^
  |   File "/home/TGerbeau/snap/code/241/.local/share/uv/python/cpython-3.13.13-linux-x86_64-gnu/lib/python3.13/contextlib.py", line 235, in __aexit__
  |     await self.gen.athrow(value)
  |   File "/home/TGerbeau/Documents/workspace-geocontext-test/.venv/lib/python3.13/site-packages/langchain_mcp_adapters/sessions.py", line 457, in create_session
  |     async with _create_stdio_session(**params) as session:
  |                ~~~~~~~~~~~~~~~~~~~~~^^^^^^^^^^
  |   File "/home/TGerbeau/snap/code/241/.local/share/uv/python/cpython-3.13.13-linux-x86_64-gnu/lib/python3.13/contextlib.py", line 235, in __aexit__
  |     await self.gen.athrow(value)
  |   File "/home/TGerbeau/Documents/workspace-geocontext-test/.venv/lib/python3.13/site-packages/langchain_mcp_adapters/sessions.py", line 269, in _create_stdio_session
  |     stdio_client(server_params) as (read, write),
  |     ~~~~~~~~~~~~^^^^^^^^^^^^^^^
  |   File "/home/TGerbeau/snap/code/241/.local/share/uv/python/cpython-3.13.13-linux-x86_64-gnu/lib/python3.13/contextlib.py", line 235, in __aexit__
  |     await self.gen.athrow(value)
  |   File "/home/TGerbeau/Documents/workspace-geocontext-test/.venv/lib/python3.13/site-packages/mcp/client/stdio/__init__.py", line 183, in stdio_client
  |     anyio.create_task_group() as tg,
  |     ~~~~~~~~~~~~~~~~~~~~~~~^^
  |   File "/home/TGerbeau/Documents/workspace-geocontext-test/.venv/lib/python3.13/site-packages/anyio/_backends/_asyncio.py", line 799, in __aexit__
  |     raise BaseExceptionGroup(
  |         "unhandled errors in a TaskGroup", self._exceptions
  |     ) from None
  | ExceptionGroup: unhandled errors in a TaskGroup (1 sub-exception)
  +-+---------------- 1 ----------------
    | Exception Group Traceback (most recent call last):
    |   File "/home/TGerbeau/Documents/workspace-geocontext-test/.venv/lib/python3.13/site-packages/mcp/client/stdio/__init__.py", line 189, in stdio_client
    |     yield read_stream, write_stream
    |   File "/home/TGerbeau/Documents/workspace-geocontext-test/.venv/lib/python3.13/site-packages/langchain_mcp_adapters/sessions.py", line 270, in _create_stdio_session
    |     ClientSession(read, write, **(session_kwargs or {})) as session,
    |     ~~~~~~~~~~~~~^^^^^^^^^^^^^^^^^^^^^^^^^^^^^^^^^^^^^^^
    |   File "/home/TGerbeau/Documents/workspace-geocontext-test/.venv/lib/python3.13/site-packages/mcp/shared/session.py", line 238, in __aexit__
    |     return await self._task_group.__aexit__(exc_type, exc_val, exc_tb)
    |            ^^^^^^^^^^^^^^^^^^^^^^^^^^^^^^^^^^^^^^^^^^^^^^^^^^^^^^^^^^^
    |   File "/home/TGerbeau/Documents/workspace-geocontext-test/.venv/lib/python3.13/site-packages/anyio/_backends/_asyncio.py", line 799, in __aexit__
    |     raise BaseExceptionGroup(
    |         "unhandled errors in a TaskGroup", self._exceptions
    |     ) from None
    | ExceptionGroup: unhandled errors in a TaskGroup (1 sub-exception)
    +-+---------------- 1 ----------------
      | Traceback (most recent call last):
      |   File "/home/TGerbeau/Documents/workspace-geocontext-test/.venv/lib/python3.13/site-packages/langchain_mcp_adapters/sessions.py", line 272, in _create_stdio_session
      |     yield session
      |   File "/home/TGerbeau/Documents/workspace-geocontext-test/.venv/lib/python3.13/site-packages/langchain_mcp_adapters/sessions.py", line 458, in create_session
      |     yield session
      |   File "/home/TGerbeau/Documents/workspace-geocontext-test/.venv/lib/python3.13/site-packages/langchain_mcp_adapters/tools.py", line 481, in load_mcp_tools
      |     await tool_session.initialize()
      |   File "/home/TGerbeau/Documents/workspace-geocontext-test/.venv/lib/python3.13/site-packages/mcp/client/session.py", line 171, in initialize
      |     result = await self.send_request(
      |              ^^^^^^^^^^^^^^^^^^^^^^^^
      |     ...&lt;16 lines&gt;...
      |     )
      |     ^
      |   File "/home/TGerbeau/Documents/workspace-geocontext-test/.venv/lib/python3.13/site-packages/mcp/shared/session.py", line 306, in send_request
      |     raise McpError(response_or_error.error)
      | mcp.shared.exceptions.McpError: Connection closed
      +------------------------------------</failure></testcase></testsuite></testsuites>